Godot Engine v4.7.1.stable.official.a13da4feb - https://godotengine.org

[probe2] server peers=[864486146]
ERROR: Node not found: "Main" (relative to "/root").
   at: get_node (scene/main/node.cpp:1975)
ERROR: Parameter "node" is null.
   at: process_simplify_path (modules/multiplayer/scene_cache_interface.cpp:118)
ERROR: Node not found: "Main" (relative to "/root").
   at: get_node (scene/main/node.cpp:1975)
ERROR: Failed to get path from RPC: Main.
   at: _process_get_node (modules/multiplayer/scene_rpc_interface.cpp:148)
ERROR: Invalid packet received. Requested node was not found.
   at: process_rpc (modules/multiplayer/scene_rpc_interface.cpp:211)
[probe2] server spawned TestPlayer, players=3
ERROR: BUG: Unreferenced static string to 0: _exit_world
   at: unref (core/string/string_name.cpp:117)
ERROR: BUG: Unreferenced static string to 0: Physics3DConstraintSolveIslands
   at: unref (core/string/string_name.cpp:117)
ERROR: BUG: Unreferenced static string to 0: Physics3DConstraintSetup
   at: unref (core/string/string_name.cpp:117)
ERROR: BUG: Unreferenced static string to 0: _enter_world
   at: unref (core/string/string_name.cpp:117)
ERROR: BUG: Unreferenced static string to 0: use_dynamic_gi
   at: unref (core/string/string_name.cpp:117)
ERROR: BUG: Unreferenced static string to 0: use_in_baked_light
   at: unref (core/string/string_name.cpp:117)
ERROR: BUG: Unreferenced static string to 0: _net_id
   at: unref (core/string/string_name.cpp:117)
ERROR: BUG: Unreferenced static string to 0: servers
   at: unref (core/string/string_name.cpp:117)
ERROR: BUG: Unreferenced static string to 0: Variant
   at: unref (core/string/string_name.cpp:117)
ERROR: BUG: Unreferenced static string to 0: @warning_ignore_restore
   at: unref (core/string/string_name.cpp:117)
ERROR: BUG: Unreferenced static string to 0: @warning_ignore_start
   at: unref (core/string/string_name.cpp:117)
ERROR: BUG: Unreferenced static string to 0: @warning_ignore
   at: unref (core/string/string_name.cpp:117)
ERROR: BUG: Unreferenced static string to 0: @export_range
   at: unref (core/string/string_name.cpp:117)
ERROR: BUG: Unreferenced static string to 0: @export_multiline
   at: unref (core/string/string_name.cpp:117)
ERROR: BUG: Unreferenced static string to 0: @export
   at: unref (core/string/string_name.cpp:117)
ERROR: BUG: Unreferenced static string to 0: @icon
   at: unref (core/string/string_name.cpp:117)
WARNING: A Thread object is being destroyed without its completion having been realized.
Please call wait_to_finish() on it to ensure correct cleanup.
   at: ~Thread (core/os/thread.cpp:102)
ERROR: 7 RID allocations of type '23NavMeshGeometryParser2D' were leaked at exit.
ERROR: 6 RID allocations of type '23NavMeshGeometryParser3D' were leaked at exit.
ERROR: Pages in use exist at exit in PagedAllocator: N12VariantPools11BucketLargeE
   at: ~PagedAllocator (./core/templates/paged_allocator.h:170)
